0 verbose cli C:\Program Files\nodejs\node.exe C:\Program Files\nodejs\node_modules\npm\bin\npm-cli.js
1 info using npm@10.9.2
2 info using node@v22.13.1
3 silly config load:file:C:\Program Files\nodejs\node_modules\npm\npmrc
4 silly config load:file:C:\Users\RAM KUMAR\Downloads\rengas-admin\backend\.npmrc
5 silly config load:file:C:\Users\RAM KUMAR\.npmrc
6 silly config load:file:C:\Users\RAM KUMAR\AppData\Roaming\npm\etc\npmrc
7 verbose title npm install
8 verbose argv "install" "--cache" ".npm-cache"
9 verbose logfile logs-max:10 dir:C:\Users\RAM KUMAR\Downloads\rengas-admin\backend\.npm-cache\_logs\2026-07-29T09_27_52_244Z-
10 verbose logfile C:\Users\RAM KUMAR\Downloads\rengas-admin\backend\.npm-cache\_logs\2026-07-29T09_27_52_244Z-debug-0.log
11 silly logfile done cleaning log files
12 silly packumentCache heap:2197815296 maxSize:549453824 maxEntrySize:274726912
13 silly idealTree buildDeps
14 silly fetch manifest qrcode@^1.5.4
15 silly packumentCache full:https://registry.npmjs.org/qrcode cache-miss
16 http fetch GET 200 https://registry.npmjs.org/qrcode 1296ms (cache miss)
17 silly packumentCache full:https://registry.npmjs.org/qrcode set size:undefined disposed:false
18 silly fetch manifest @types/qrcode@^1.5.5
19 silly packumentCache full:https://registry.npmjs.org/@types%2fqrcode cache-miss
20 http fetch GET 200 https://registry.npmjs.org/@types%2fqrcode 467ms (cache miss)
21 silly packumentCache full:https://registry.npmjs.org/@types%2fqrcode set size:undefined disposed:false
22 silly placeDep ROOT @types/qrcode@1.5.6 OK for: rengas-api@1.0.0 want: ^1.5.5
23 silly placeDep ROOT qrcode@1.5.4 OK for: rengas-api@1.0.0 want: ^1.5.4
24 silly fetch manifest pngjs@^5.0.0
25 silly packumentCache full:https://registry.npmjs.org/pngjs cache-miss
26 silly fetch manifest yargs@^15.3.1
27 silly packumentCache full:https://registry.npmjs.org/yargs cache-miss
28 silly fetch manifest dijkstrajs@^1.0.1
29 silly packumentCache full:https://registry.npmjs.org/dijkstrajs cache-miss
30 http fetch GET 200 https://registry.npmjs.org/pngjs 271ms (cache miss)
31 silly packumentCache full:https://registry.npmjs.org/pngjs set size:undefined disposed:false
32 http fetch GET 200 https://registry.npmjs.org/dijkstrajs 962ms (cache miss)
33 silly packumentCache full:https://registry.npmjs.org/dijkstrajs set size:undefined disposed:false
34 http fetch GET 200 https://registry.npmjs.org/yargs 1231ms (cache miss)
35 silly packumentCache full:https://registry.npmjs.org/yargs set size:undefined disposed:false
36 silly placeDep ROOT dijkstrajs@1.0.3 OK for: qrcode@1.5.4 want: ^1.0.1
37 silly placeDep ROOT pngjs@5.0.0 OK for: qrcode@1.5.4 want: ^5.0.0
38 silly placeDep node_modules/qrcode yargs@15.4.1 OK for: qrcode@1.5.4 want: ^15.3.1
39 silly fetch manifest y18n@^4.0.0
40 silly packumentCache full:https://registry.npmjs.org/y18n cache-miss
41 silly fetch manifest cliui@^6.0.0
42 silly packumentCache full:https://registry.npmjs.org/cliui cache-miss
43 silly fetch manifest find-up@^4.1.0
44 silly packumentCache full:https://registry.npmjs.org/find-up cache-miss
45 silly fetch manifest decamelize@^1.2.0
46 silly packumentCache full:https://registry.npmjs.org/decamelize cache-miss
47 silly fetch manifest set-blocking@^2.0.0
48 silly packumentCache full:https://registry.npmjs.org/set-blocking cache-miss
49 silly fetch manifest which-module@^2.0.0
50 silly packumentCache full:https://registry.npmjs.org/which-module cache-miss
51 silly fetch manifest yargs-parser@^18.1.2
52 silly packumentCache full:https://registry.npmjs.org/yargs-parser cache-miss
53 http fetch GET 200 https://registry.npmjs.org/find-up 254ms (cache miss)
54 silly packumentCache full:https://registry.npmjs.org/find-up set size:undefined disposed:false
55 silly fetch manifest require-main-filename@^2.0.0
56 silly packumentCache full:https://registry.npmjs.org/require-main-filename cache-miss
57 http fetch GET 200 https://registry.npmjs.org/set-blocking 261ms (cache miss)
58 silly packumentCache full:https://registry.npmjs.org/set-blocking set size:undefined disposed:false
59 http fetch GET 200 https://registry.npmjs.org/cliui 266ms (cache miss)
60 silly packumentCache full:https://registry.npmjs.org/cliui set size:undefined disposed:false
61 http fetch GET 200 https://registry.npmjs.org/require-main-filename 238ms (cache miss)
62 silly packumentCache full:https://registry.npmjs.org/require-main-filename set size:undefined disposed:false
63 http fetch GET 200 https://registry.npmjs.org/y18n 921ms (cache miss)
64 silly packumentCache full:https://registry.npmjs.org/y18n set size:undefined disposed:false
65 http fetch GET 200 https://registry.npmjs.org/which-module 941ms (cache miss)
66 silly packumentCache full:https://registry.npmjs.org/which-module set size:undefined disposed:false
67 http fetch GET 200 https://registry.npmjs.org/decamelize 964ms (cache miss)
68 silly packumentCache full:https://registry.npmjs.org/decamelize set size:undefined disposed:false
69 http fetch GET 200 https://registry.npmjs.org/yargs-parser 969ms (cache miss)
70 silly packumentCache full:https://registry.npmjs.org/yargs-parser set size:undefined disposed:false
71 silly placeDep node_modules/qrcode cliui@6.0.0 OK for: yargs@15.4.1 want: ^6.0.0
72 silly placeDep ROOT decamelize@1.2.0 OK for: yargs@15.4.1 want: ^1.2.0
73 silly placeDep ROOT find-up@4.1.0 OK for: yargs@15.4.1 want: ^4.1.0
74 silly placeDep ROOT require-main-filename@2.0.0 OK for: yargs@15.4.1 want: ^2.0.0
75 silly placeDep ROOT set-blocking@2.0.0 OK for: yargs@15.4.1 want: ^2.0.0
76 silly placeDep ROOT which-module@2.0.1 OK for: yargs@15.4.1 want: ^2.0.0
77 silly placeDep node_modules/qrcode y18n@4.0.3 OK for: yargs@15.4.1 want: ^4.0.0
78 silly placeDep node_modules/qrcode yargs-parser@18.1.3 OK for: yargs@15.4.1 want: ^18.1.2
79 silly fetch manifest locate-path@^5.0.0
80 silly packumentCache full:https://registry.npmjs.org/locate-path cache-miss
81 silly fetch manifest path-exists@^4.0.0
82 silly packumentCache full:https://registry.npmjs.org/path-exists cache-miss
83 silly fetch manifest camelcase@^5.0.0
84 silly packumentCache full:https://registry.npmjs.org/camelcase cache-miss
85 http fetch GET 200 https://registry.npmjs.org/camelcase 248ms (cache miss)
86 silly packumentCache full:https://registry.npmjs.org/camelcase set size:undefined disposed:false
87 http fetch GET 200 https://registry.npmjs.org/path-exists 250ms (cache miss)
88 silly packumentCache full:https://registry.npmjs.org/path-exists set size:undefined disposed:false
89 http fetch GET 200 https://registry.npmjs.org/locate-path 259ms (cache miss)
90 silly packumentCache full:https://registry.npmjs.org/locate-path set size:undefined disposed:false
91 silly placeDep ROOT locate-path@5.0.0 OK for: find-up@4.1.0 want: ^5.0.0
92 silly placeDep ROOT path-exists@4.0.0 OK for: find-up@4.1.0 want: ^4.0.0
93 silly fetch manifest p-locate@^4.1.0
94 silly packumentCache full:https://registry.npmjs.org/p-locate cache-miss
95 http fetch GET 200 https://registry.npmjs.org/p-locate 241ms (cache miss)
96 silly packumentCache full:https://registry.npmjs.org/p-locate set size:undefined disposed:false
97 silly placeDep ROOT p-locate@4.1.0 OK for: locate-path@5.0.0 want: ^4.1.0
98 silly fetch manifest p-limit@^2.2.0
99 silly packumentCache full:https://registry.npmjs.org/p-limit cache-miss
100 http fetch GET 200 https://registry.npmjs.org/p-limit 264ms (cache miss)
101 silly packumentCache full:https://registry.npmjs.org/p-limit set size:undefined disposed:false
102 silly placeDep ROOT p-limit@2.3.0 OK for: p-locate@4.1.0 want: ^2.2.0
103 silly fetch manifest p-try@^2.0.0
104 silly packumentCache full:https://registry.npmjs.org/p-try cache-miss
105 http fetch GET 200 https://registry.npmjs.org/p-try 261ms (cache miss)
106 silly packumentCache full:https://registry.npmjs.org/p-try set size:undefined disposed:false
107 silly placeDep ROOT p-try@2.2.0 OK for: p-limit@2.3.0 want: ^2.0.0
108 silly placeDep ROOT camelcase@5.3.1 OK for: yargs-parser@18.1.3 want: ^5.0.0
109 silly reify moves {}
110 silly audit bulk request {
110 silly audit   '@angular-devkit/core': [ '19.2.27', '19.2.24' ],
110 silly audit   rxjs: [ '7.8.1', '7.8.2' ],
110 silly audit   '@angular-devkit/schematics': [ '19.2.27', '19.2.24' ],
110 silly audit   '@angular-devkit/schematics-cli': [ '19.2.27' ],
110 silly audit   '@inquirer/prompts': [ '7.3.2', '7.10.1' ],
110 silly audit   '@babel/code-frame': [ '7.29.7' ],
110 silly audit   '@babel/helper-validator-identifier': [ '7.29.7' ],
110 silly audit   '@borewit/text-codec': [ '0.2.2' ],
110 silly audit   '@colors/colors': [ '1.5.0' ],
110 silly audit   '@inquirer/ansi': [ '1.0.2' ],
110 silly audit   '@inquirer/checkbox': [ '4.3.2' ],
110 silly audit   '@inquirer/confirm': [ '5.1.21' ],
110 silly audit   '@inquirer/core': [ '10.3.2' ],
110 silly audit   '@inquirer/editor': [ '4.2.23' ],
110 silly audit   '@inquirer/expand': [ '4.0.23' ],
110 silly audit   '@inquirer/external-editor': [ '1.0.3' ],
110 silly audit   '@inquirer/figures': [ '1.0.15' ],
110 silly audit   '@inquirer/input': [ '4.3.1' ],
110 silly audit   '@inquirer/number': [ '3.0.23' ],
110 silly audit   '@inquirer/password': [ '4.0.23' ],
110 silly audit   '@inquirer/rawlist': [ '4.1.11' ],
110 silly audit   '@inquirer/search': [ '3.2.2' ],
110 silly audit   '@inquirer/select': [ '4.4.2' ],
110 silly audit   '@inquirer/type': [ '3.0.10' ],
110 silly audit   '@isaacs/cliui': [ '8.0.2' ],
110 silly audit   'ansi-regex': [ '6.2.2', '5.0.1' ],
110 silly audit   'ansi-styles': [ '6.2.3', '4.3.0' ],
110 silly audit   'emoji-regex': [ '9.2.2', '8.0.0' ],
110 silly audit   'string-width': [ '5.1.2', '4.2.3' ],
110 silly audit   'strip-ansi': [ '7.2.0', '6.0.1' ],
110 silly audit   'wrap-ansi': [ '8.1.0', '7.0.0', '6.2.0' ],
110 silly audit   '@jridgewell/gen-mapping': [ '0.3.13' ],
110 silly audit   '@jridgewell/resolve-uri': [ '3.1.2' ],
110 silly audit   '@jridgewell/source-map': [ '0.3.11' ],
110 silly audit   '@jridgewell/sourcemap-codec': [ '1.5.5' ],
110 silly audit   '@jridgewell/trace-mapping': [ '0.3.31' ],
110 silly audit   '@lukeed/csprng': [ '1.1.0' ],
110 silly audit   '@nestjs/cli': [ '11.0.24' ],
110 silly audit   '@nestjs/common': [ '11.1.28' ],
110 silly audit   '@nestjs/config': [ '4.0.4' ],
110 silly audit   '@nestjs/core': [ '11.1.28' ],
110 silly audit   '@nestjs/jwt': [ '11.0.2' ],
110 silly audit   '@nestjs/platform-express': [ '11.1.28' ],
110 silly audit   '@nestjs/schematics': [ '11.1.0' ],
110 silly audit   '@nestjs/testing': [ '11.1.28' ],
110 silly audit   '@nestjs/typeorm': [ '11.0.3' ],
110 silly audit   '@pkgjs/parseargs': [ '0.11.0' ],
110 silly audit   '@sqltools/formatter': [ '1.2.5' ],
110 silly audit   '@swc/helpers': [ '0.5.23' ],
110 silly audit   '@tokenizer/inflate': [ '0.4.1' ],
110 silly audit   '@tokenizer/token': [ '0.3.0' ],
110 silly audit   '@types/adm-zip': [ '0.5.8' ],
110 silly audit   '@types/bcrypt': [ '5.0.2' ],
110 silly audit   '@types/body-parser': [ '1.19.6' ],
110 silly audit   '@types/connect': [ '3.4.38' ],
110 silly audit   '@types/cookie-parser': [ '1.4.10' ],
110 silly audit   '@types/eslint': [ '9.6.1' ],
110 silly audit   '@types/eslint-scope': [ '3.7.7' ],
110 silly audit   '@types/estree': [ '1.0.9' ],
110 silly audit   '@types/express': [ '5.0.6' ],
110 silly audit   '@types/express-serve-static-core': [ '5.1.2' ],
110 silly audit   '@types/http-errors': [ '2.0.5' ],
110 silly audit   '@types/json-schema': [ '7.0.15' ],
110 silly audit   '@types/jsonwebtoken': [ '9.0.10' ],
110 silly audit   '@types/ms': [ '2.1.0' ],
110 silly audit   '@types/multer': [ '1.4.13' ],
110 silly audit   '@types/node': [ '22.20.1' ],
110 silly audit   '@types/pdfkit': [ '0.17.6' ],
110 silly audit   '@types/qs': [ '6.15.1' ],
110 silly audit   '@types/range-parser': [ '1.2.7' ],
110 silly audit   '@types/send': [ '1.2.1' ],
110 silly audit   '@types/serve-static': [ '2.2.0' ],
110 silly audit   '@types/validator': [ '13.15.10' ],
110 silly audit   '@webassemblyjs/ast': [ '1.14.1' ],
110 silly audit   '@webassemblyjs/floating-point-hex-parser': [ '1.13.2' ],
110 silly audit   '@webassemblyjs/helper-api-error': [ '1.13.2' ],
110 silly audit   '@webassemblyjs/helper-buffer': [ '1.14.1' ],
110 silly audit   '@webassemblyjs/helper-numbers': [ '1.13.2' ],
110 silly audit   '@webassemblyjs/helper-wasm-bytecode': [ '1.13.2' ],
110 silly audit   '@webassemblyjs/helper-wasm-section': [ '1.14.1' ],
110 silly audit   '@webassemblyjs/ieee754': [ '1.13.2' ],
110 silly audit   '@webassemblyjs/leb128': [ '1.13.2' ],
110 silly audit   '@webassemblyjs/utf8': [ '1.13.2' ],
110 silly audit   '@webassemblyjs/wasm-edit': [ '1.14.1' ],
110 silly audit   '@webassemblyjs/wasm-gen': [ '1.14.1' ],
110 silly audit   '@webassemblyjs/wasm-opt': [ '1.14.1' ],
110 silly audit   '@webassemblyjs/wasm-parser': [ '1.14.1' ],
110 silly audit   '@webassemblyjs/wast-printer': [ '1.14.1' ],
110 silly audit   '@xtuc/ieee754': [ '1.2.0' ],
110 silly audit   '@xtuc/long': [ '4.2.2' ],
110 silly audit   accepts: [ '2.0.0' ],
110 silly audit   acorn: [ '8.17.0' ],
110 silly audit   'acorn-import-phases': [ '1.0.4' ],
110 silly audit   'adler-32': [ '1.3.1' ],
110 silly audit   'adm-zip': [ '0.5.18' ],
110 silly audit   ajv: [ '8.18.0', '6.15.0' ],
110 silly audit   'ajv-formats': [ '3.0.1', '2.1.1' ],
110 silly audit   'ajv-keywords': [ '5.1.0', '3.5.2' ],
110 silly audit   'ansi-colors': [ '4.1.3' ],
110 silly audit   ansis: [ '4.2.0', '4.3.1' ],
110 silly audit   'app-root-path': [ '3.1.0' ],
110 silly audit   'append-field': [ '1.0.0' ],
110 silly audit   argparse: [ '2.0.1' ],
110 silly audit   'array-timsort': [ '1.0.3' ],
110 silly audit   'available-typed-arrays': [ '1.0.7' ],
110 silly audit   'aws-ssl-profiles': [ '1.1.2' ],
110 silly audit   'balanced-match': [ '1.0.2', '4.0.4' ],
110 silly audit   'base64-js': [ '1.5.1', '0.0.8' ],
110 silly audit   'baseline-browser-mapping': [ '2.11.1' ],
110 silly audit   bcrypt: [ '6.0.0' ],
110 silly audit   bl: [ '4.1.0' ],
110 silly audit   'body-parser': [ '2.3.0' ],
110 silly audit   'content-type': [ '2.0.0', '1.0.5' ],
110 silly audit   'brace-expansion': [ '1.1.16', '5.0.8', '2.1.2' ],
110 silly audit   brotli: [ '1.3.3' ],
110 silly audit   'browserify-zlib': [ '0.2.0' ],
110 silly audit   browserslist: [ '4.28.7' ],
110 silly audit   buffer: [ '5.7.1', '6.0.3' ],
110 silly audit   'buffer-equal-constant-time': [ '1.0.1' ],
110 silly audit   'buffer-from': [ '1.1.2' ],
110 silly audit   busboy: [ '1.6.0' ],
110 silly audit   bytes: [ '3.1.2' ],
110 silly audit   'call-bind': [ '1.0.9' ],
110 silly audit   'call-bind-apply-helpers': [ '1.0.2' ],
110 silly audit   'call-bound': [ '1.0.4' ],
110 silly audit   callsites: [ '3.1.0' ],
110 silly audit   'caniuse-lite': [ '1.0.30001806' ],
110 silly audit   cfb: [ '1.2.2' ],
110 silly audit   chalk: [ '4.1.2' ],
110 silly audit   chardet: [ '2.2.0' ],
110 silly audit   chokidar: [ '4.0.3' ],
110 silly audit   'chrome-trace-event': [ '1.0.4' ],
110 silly audit   'class-transformer': [ '0.5.1' ],
110 silly audit   'class-validator': [ '0.14.4' ],
110 silly audit   'cli-cursor': [ '3.1.0' ],
110 silly audit   'cli-spinners': [ '2.9.2' ],
110 silly audit   'cli-table3': [ '0.6.5' ],
110 silly audit   'cli-width': [ '4.1.0' ],
110 silly audit   cliui: [ '8.0.1', '6.0.0' ],
110 silly audit   clone: [ '1.0.4', '2.1.2' ],
110 silly audit   codepage: [ '1.15.0' ],
110 silly audit   'color-convert': [ '2.0.1' ],
110 silly audit   'color-name': [ '1.1.4' ],
110 silly audit   commander: [ '4.1.1', '2.20.3' ],
110 silly audit   'comment-json': [ '5.0.0' ],
110 silly audit   'concat-map': [ '0.0.1' ],
110 silly audit   'concat-stream': [ '2.0.0' ],
110 silly audit   'content-disposition': [ '1.1.0' ],
110 silly audit   cookie: [ '0.7.2' ],
110 silly audit   'cookie-parser': [ '1.4.7' ],
110 silly audit   'cookie-signature': [ '1.0.6', '1.2.2' ],
110 silly audit   cors: [ '2.8.6' ],
110 silly audit   cosmiconfig: [ '8.3.6' ],
110 silly audit   'crc-32': [ '1.2.2' ],
110 silly audit   'cross-spawn': [ '7.0.6' ],
110 silly audit   'crypto-js': [ '4.2.0' ],
110 silly audit   dayjs: [ '1.11.21' ],
110 silly audit   debug: [ '4.4.3' ],
110 silly audit   dedent: [ '1.7.2' ],
110 silly audit   deepmerge: [ '4.3.1' ],
110 silly audit   defaults: [ '1.0.4' ],
110 silly audit   'define-data-property': [ '1.1.4' ],
110 silly audit   denque: [ '2.1.0' ],
110 silly audit   depd: [ '2.0.0' ],
110 silly audit   dfa: [ '1.2.0' ],
110 silly audit   dotenv: [ '17.4.1', '16.6.1' ],
110 silly audit   'dotenv-expand': [ '12.0.3' ],
110 silly audit   'dunder-proto': [ '1.0.1' ],
110 silly audit   eastasianwidth: [ '0.2.0' ],
110 silly audit   'ecdsa-sig-formatter': [ '1.0.11' ],
110 silly audit   'ee-first': [ '1.1.1' ],
110 silly audit   'electron-to-chromium': [ '1.5.396' ],
110 silly audit   encodeurl: [ '2.0.0' ],
110 silly audit   'enhanced-resolve': [ '5.24.3' ],
110 silly audit   'error-ex': [ '1.3.4' ],
110 silly audit   'es-define-property': [ '1.0.1' ],
110 silly audit   'es-errors': [ '1.3.0' ],
110 silly audit   'es-module-lexer': [ '2.3.1' ],
110 silly audit   'es-object-atoms': [ '1.1.2' ],
110 silly audit   escalade: [ '3.2.0' ],
110 silly audit   'escape-html': [ '1.0.3' ],
110 silly audit   'eslint-scope': [ '5.1.1' ],
110 silly audit   esprima: [ '4.0.1' ],
110 silly audit   esrecurse: [ '4.3.0' ],
110 silly audit   estraverse: [ '5.3.0', '4.3.0' ],
110 silly audit   etag: [ '1.8.1' ],
110 silly audit   events: [ '3.3.0' ],
110 silly audit   express: [ '5.2.1' ],
110 silly audit   'fast-deep-equal': [ '3.1.3' ],
110 silly audit   'fast-json-stable-stringify': [ '2.1.0' ],
110 silly audit   'fast-safe-stringify': [ '2.1.1' ],
110 silly audit   'fast-uri': [ '3.1.4' ],
110 silly audit   'file-type': [ '21.3.4' ],
110 silly audit   finalhandler: [ '2.1.1' ],
110 silly audit   fontkit: [ '2.0.4' ],
110 silly audit   'for-each': [ '0.3.5' ],
110 silly audit   'foreground-child': [ '3.3.1' ],
110 silly audit   'fork-ts-checker-webpack-plugin': [ '9.1.0' ],
110 silly audit   forwarded: [ '0.2.0' ],
110 silly audit   frac: [ '1.1.2' ],
110 silly audit   fresh: [ '2.0.0' ],
110 silly audit   'fs-extra': [ '10.1.0' ],
110 silly audit   'fs-monkey': [ '1.1.0' ],
110 silly audit   'function-bind': [ '1.1.2' ],
110 silly audit   'generate-function': [ '2.3.1' ],
110 silly audit   'get-caller-file': [ '2.0.5' ],
110 silly audit   'get-intrinsic': [ '1.3.0' ],
110 silly audit   'get-proto': [ '1.0.1' ],
110 silly audit   glob: [ '13.0.6', '10.5.0' ],
110 silly audit   'glob-to-regexp': [ '0.4.1' ],
110 silly audit   minimatch: [ '10.2.5', '3.1.5', '9.0.9' ],
110 silly audit   gopd: [ '1.2.0' ],
110 silly audit   'graceful-fs': [ '4.2.11' ],
110 silly audit   'has-flag': [ '4.0.0' ],
110 silly audit   'has-property-descriptors': [ '1.0.2' ],
110 silly audit   'has-symbols': [ '1.1.0' ],
110 silly audit   'has-tostringtag': [ '1.0.2' ],
110 silly audit   hasown: [ '2.0.4' ],
110 silly audit   'http-errors': [ '2.0.1' ],
110 silly audit   'iconv-lite': [ '0.7.3' ],
110 silly audit   ieee754: [ '1.2.1' ],
110 silly audit   'import-fresh': [ '3.3.1' ],
110 silly audit   inherits: [ '2.0.4' ],
110 silly audit   'ipaddr.js': [ '1.9.1' ],
110 silly audit   'is-arrayish': [ '0.2.1' ],
110 silly audit   'is-callable': [ '1.2.7' ],
110 silly audit   'is-fullwidth-code-point': [ '3.0.0' ],
110 silly audit   'is-interactive': [ '1.0.0' ],
110 silly audit   'is-promise': [ '4.0.0' ],
110 silly audit   'is-property': [ '1.0.2' ],
110 silly audit   'is-typed-array': [ '1.1.15' ],
110 silly audit   'is-unicode-supported': [ '0.1.0' ],
110 silly audit   isarray: [ '2.0.5' ],
110 silly audit   isexe: [ '2.0.0' ],
110 silly audit   iterare: [ '1.2.1' ],
110 silly audit   jackspeak: [ '3.4.3' ],
110 silly audit   'jest-worker': [ '27.5.1' ],
110 silly audit   'supports-color': [ '8.1.1', '7.2.0' ],
110 silly audit   'jpeg-exif': [ '1.1.4' ],
110 silly audit   'js-tokens': [ '4.0.0' ],
110 silly audit   'js-yaml': [ '4.3.0' ],
110 silly audit   'json-parse-even-better-errors': [ '2.3.1' ],
110 silly audit   'json-schema-traverse': [ '1.0.0', '0.4.1' ],
110 silly audit   json5: [ '2.2.3' ],
110 silly audit   'jsonc-parser': [ '3.3.1' ],
110 silly audit   jsonfile: [ '6.2.1' ],
110 silly audit   jsonwebtoken: [ '9.0.3' ],
110 silly audit   jwa: [ '2.0.1' ],
110 silly audit   jws: [ '4.0.1' ],
110 silly audit   'libphonenumber-js': [ '1.13.9' ],
110 silly audit   linebreak: [ '1.1.0' ],
110 silly audit   'lines-and-columns': [ '1.2.4' ],
110 silly audit   'load-esm': [ '1.0.3' ],
110 silly audit   'loader-runner': [ '4.3.2' ],
110 silly audit   lodash: [ '4.18.1' ],
110 silly audit   'lodash.includes': [ '4.3.0' ],
110 silly audit   'lodash.isboolean': [ '3.0.3' ],
110 silly audit   'lodash.isinteger': [ '4.0.4' ],
110 silly audit   'lodash.isnumber': [ '3.0.3' ],
110 silly audit   'lodash.isplainobject': [ '4.0.6' ],
110 silly audit   'lodash.isstring': [ '4.0.1' ],
110 silly audit   'lodash.once': [ '4.1.1' ],
110 silly audit   'log-symbols': [ '4.1.0' ],
110 silly audit   long: [ '5.3.2' ],
110 silly audit   'lru-cache': [ '11.5.2', '10.4.3' ],
110 silly audit   'lru.min': [ '1.1.4' ],
110 silly audit   'magic-string': [ '0.30.17' ],
110 silly audit   'math-intrinsics': [ '1.1.0' ],
110 silly audit   'media-typer': [ '1.1.1', '0.3.0' ],
110 silly audit   memfs: [ '3.5.3' ],
110 silly audit   'merge-descriptors': [ '2.0.0' ],
110 silly audit   'merge-stream': [ '2.0.0' ],
110 silly audit   'mime-db': [ '1.54.0', '1.52.0' ],
110 silly audit   'mime-types': [ '3.0.2', '2.1.35' ],
110 silly audit   'mimic-fn': [ '2.1.0' ],
110 silly audit   minimist: [ '1.2.8' ],
110 silly audit   minipass: [ '7.1.3' ],
110 silly audit   ms: [ '2.1.3' ],
110 silly audit   multer: [ '2.2.0' ],
110 silly audit   'type-is': [ '1.6.18', '2.1.0' ],
110 silly audit   'mute-stream': [ '2.0.0' ],
110 silly audit   mysql2: [ '3.23.1' ],
110 silly audit   'named-placeholders': [ '1.1.6' ],
110 silly audit   negotiator: [ '1.0.0' ],
110 silly audit   'neo-async': [ '2.6.2' ],
110 silly audit   'node-abort-controller': [ '3.1.1' ],
110 silly audit   'node-addon-api': [ '8.9.0' ],
110 silly audit   'node-emoji': [ '1.11.0' ],
110 silly audit   'node-gyp-build': [ '4.8.4' ],
110 silly audit   'node-releases': [ '2.0.51' ],
110 silly audit   'object-assign': [ '4.1.1' ],
110 silly audit   'object-inspect': [ '1.13.4' ],
110 silly audit   'on-finished': [ '2.4.1' ],
110 silly audit   once: [ '1.4.0' ],
110 silly audit   onetime: [ '5.1.2' ],
110 silly audit   ora: [ '5.4.1' ],
110 silly audit   'package-json-from-dist': [ '1.0.1' ],
110 silly audit   pako: [ '1.0.11', '0.2.9' ],
110 silly audit   'parent-module': [ '1.0.1' ],
110 silly audit   'parse-json': [ '5.2.0' ],
110 silly audit   parseurl: [ '1.3.3' ],
110 silly audit   'path-key': [ '3.1.1' ],
110 silly audit   'path-scurry': [ '2.0.2', '1.11.1' ],
110 silly audit   'path-to-regexp': [ '8.4.2' ],
110 silly audit   'path-type': [ '4.0.0' ],
110 silly audit   pdfkit: [ '0.17.2' ],
110 silly audit   picocolors: [ '1.1.1' ],
110 silly audit   picomatch: [ '4.0.4' ],
110 silly audit   pluralize: [ '8.0.0' ],
110 silly audit   'png-js': [ '1.1.0' ],
110 silly audit   'possible-typed-array-names': [ '1.1.0' ],
110 silly audit   'proxy-addr': [ '2.0.7' ],
110 silly audit   punycode: [ '2.3.1' ],
110 silly audit   qs: [ '6.15.3' ],
110 silly audit   'range-parser': [ '1.3.0' ],
110 silly audit   'raw-body': [ '3.0.2' ],
110 silly audit   'readable-stream': [ '3.6.2' ],
110 silly audit   readdirp: [ '4.1.2' ],
110 silly audit   'reflect-metadata': [ '0.2.2' ],
110 silly audit   'require-directory': [ '2.1.1' ],
110 silly audit   'require-from-string': [ '2.0.2' ],
110 silly audit   'resolve-from': [ '4.0.0' ],
110 silly audit   'restore-cursor': [ '3.1.0' ],
110 silly audit   'signal-exit': [ '3.0.7', '4.1.0' ],
110 silly audit   restructure: [ '3.0.2' ],
110 silly audit   router: [ '2.2.0' ],
110 silly audit   'safe-buffer': [ '5.2.1' ],
110 silly audit   'safer-buffer': [ '2.1.2' ],
110 silly audit   'schema-utils': [ '3.3.0', '4.3.3' ],
110 silly audit   semver: [ '7.8.5' ],
110 silly audit   send: [ '1.2.1' ],
110 silly audit   'serve-static': [ '2.2.1' ],
110 silly audit   'set-function-length': [ '1.2.2' ],
110 silly audit   setprototypeof: [ '1.2.0' ],
110 silly audit   'sha.js': [ '2.4.12' ],
110 silly audit   'shebang-command': [ '2.0.0' ],
110 silly audit   'shebang-regex': [ '3.0.0' ],
110 silly audit   'side-channel': [ '1.1.1' ],
110 silly audit   'side-channel-list': [ '1.0.1' ],
110 silly audit   'side-channel-map': [ '1.0.1' ],
110 silly audit   'side-channel-weakmap': [ '1.0.2' ],
110 silly audit   'source-map': [ '0.7.4', '0.6.1' ],
110 silly audit   'source-map-support': [ '0.5.21' ],
110 silly audit   'sql-escaper': [ '1.5.1' ],
110 silly audit   'sql-highlight': [ '6.1.0' ],
110 silly audit   ssf: [ '0.11.2' ],
110 silly audit   statuses: [ '2.0.2' ],
110 silly audit   streamsearch: [ '1.1.0' ],
110 silly audit   string_decoder: [ '1.3.0' ],
110 silly audit   'strip-bom': [ '3.0.0' ],
110 silly audit   strtok3: [ '10.3.5' ],
110 silly audit   'symbol-observable': [ '4.0.0' ],
110 silly audit   tapable: [ '2.3.3' ],
110 silly audit   terser: [ '5.49.0' ],
110 silly audit   'terser-webpack-plugin': [ '5.6.1' ],
110 silly audit   'tiny-inflate': [ '1.0.3' ],
110 silly audit   'to-buffer': [ '1.2.2' ],
110 silly audit   toidentifier: [ '1.0.1' ],
110 silly audit   'token-types': [ '6.1.2' ],
110 silly audit   'tsconfig-paths': [ '4.2.0' ],
110 silly audit   'tsconfig-paths-webpack-plugin': [ '4.2.0' ],
110 silly audit   tslib: [ '2.8.1' ],
110 silly audit   'typed-array-buffer': [ '1.0.3' ],
110 silly audit   typedarray: [ '0.0.6' ],
110 silly audit   typeorm: [ '0.3.31' ],
110 silly audit   typescript: [ '5.9.3' ],
110 silly audit   uid: [ '2.0.2' ],
110 silly audit   'uint8array-extras': [ '1.5.0' ],
110 silly audit   'undici-types': [ '6.21.0' ],
110 silly audit   'unicode-properties': [ '1.4.1' ],
110 silly audit   'unicode-trie': [ '2.0.0' ],
110 silly audit   universalify: [ '2.0.1' ],
110 silly audit   unpipe: [ '1.0.0' ],
110 silly audit   'update-browserslist-db': [ '1.2.3' ],
110 silly audit   'uri-js': [ '4.4.1' ],
110 silly audit   'util-deprecate': [ '1.0.2' ],
110 silly audit   uuid: [ '11.1.1' ],
110 silly audit   validator: [ '13.15.35' ],
110 silly audit   vary: [ '1.1.2' ],
110 silly audit   watchpack: [ '2.5.2' ],
110 silly audit   wcwidth: [ '1.0.1' ],
110 silly audit   webpack: [ '5.106.2' ],
110 silly audit   'webpack-node-externals': [ '3.0.0' ],
110 silly audit   'webpack-sources': [ '3.5.1' ],
110 silly audit   which: [ '2.0.2' ],
110 silly audit   'which-typed-array': [ '1.1.22' ],
110 silly audit   wmf: [ '1.0.2' ],
110 silly audit   word: [ '0.3.0' ],
110 silly audit   wrappy: [ '1.0.2' ],
110 silly audit   xlsx: [ '0.18.5' ],
110 silly audit   y18n: [ '5.0.8', '4.0.3' ],
110 silly audit   yargs: [ '17.7.3', '15.4.1' ],
110 silly audit   'yargs-parser': [ '21.1.1', '18.1.3' ],
110 silly audit   'yoctocolors-cjs': [ '2.1.3' ],
110 silly audit   '@types/qrcode': [ '1.5.6' ],
110 silly audit   qrcode: [ '1.5.4' ],
110 silly audit   dijkstrajs: [ '1.0.3' ],
110 silly audit   pngjs: [ '5.0.0' ],
110 silly audit   decamelize: [ '1.2.0' ],
110 silly audit   'find-up': [ '4.1.0' ],
110 silly audit   'require-main-filename': [ '2.0.0' ],
110 silly audit   'set-blocking': [ '2.0.0' ],
110 silly audit   'which-module': [ '2.0.1' ],
110 silly audit   'locate-path': [ '5.0.0' ],
110 silly audit   'path-exists': [ '4.0.0' ],
110 silly audit   'p-locate': [ '4.1.0' ],
110 silly audit   'p-limit': [ '2.3.0' ],
110 silly audit   'p-try': [ '2.2.0' ],
110 silly audit   camelcase: [ '5.3.1' ]
110 silly audit }
111 http cache camelcase@https://registry.npmjs.org/camelcase/-/camelcase-5.3.1.tgz 0ms (cache hit)
112 http cache p-try@https://registry.npmjs.org/p-try/-/p-try-2.2.0.tgz 0ms (cache hit)
113 http cache p-limit@https://registry.npmjs.org/p-limit/-/p-limit-2.3.0.tgz 0ms (cache hit)
114 http cache p-locate@https://registry.npmjs.org/p-locate/-/p-locate-4.1.0.tgz 0ms (cache hit)
115 http cache locate-path@https://registry.npmjs.org/locate-path/-/locate-path-5.0.0.tgz 0ms (cache hit)
116 http cache path-exists@https://registry.npmjs.org/path-exists/-/path-exists-4.0.0.tgz 0ms (cache hit)
117 http cache which-module@https://registry.npmjs.org/which-module/-/which-module-2.0.1.tgz 0ms (cache hit)
118 http cache require-main-filename@https://registry.npmjs.org/require-main-filename/-/require-main-filename-2.0.0.tgz 0ms (cache hit)
119 http cache set-blocking@https://registry.npmjs.org/set-blocking/-/set-blocking-2.0.0.tgz 0ms (cache hit)
120 http cache pngjs@https://registry.npmjs.org/pngjs/-/pngjs-5.0.0.tgz 0ms (cache hit)
121 http cache @types/qrcode@https://registry.npmjs.org/@types/qrcode/-/qrcode-1.5.6.tgz 0ms (cache hit)
122 http cache decamelize@https://registry.npmjs.org/decamelize/-/decamelize-1.2.0.tgz 0ms (cache hit)
123 http cache find-up@https://registry.npmjs.org/find-up/-/find-up-4.1.0.tgz 0ms (cache hit)
124 http cache dijkstrajs@https://registry.npmjs.org/dijkstrajs/-/dijkstrajs-1.0.3.tgz 0ms (cache hit)
125 http cache qrcode@https://registry.npmjs.org/qrcode/-/qrcode-1.5.4.tgz 0ms (cache hit)
126 http cache y18n@https://registry.npmjs.org/y18n/-/y18n-4.0.3.tgz 0ms (cache hit)
127 silly tarball no local data for camelcase@https://registry.npmjs.org/camelcase/-/camelcase-5.3.1.tgz. Extracting by manifest.
128 silly tarball no local data for p-try@https://registry.npmjs.org/p-try/-/p-try-2.2.0.tgz. Extracting by manifest.
129 silly tarball no local data for p-locate@https://registry.npmjs.org/p-locate/-/p-locate-4.1.0.tgz. Extracting by manifest.
130 http cache yargs-parser@https://registry.npmjs.org/yargs-parser/-/yargs-parser-18.1.3.tgz 0ms (cache hit)
131 http cache cliui@https://registry.npmjs.org/cliui/-/cliui-6.0.0.tgz 0ms (cache hit)
132 silly tarball no local data for p-limit@https://registry.npmjs.org/p-limit/-/p-limit-2.3.0.tgz. Extracting by manifest.
133 silly tarball no local data for locate-path@https://registry.npmjs.org/locate-path/-/locate-path-5.0.0.tgz. Extracting by manifest.
134 silly tarball no local data for which-module@https://registry.npmjs.org/which-module/-/which-module-2.0.1.tgz. Extracting by manifest.
135 silly tarball no local data for path-exists@https://registry.npmjs.org/path-exists/-/path-exists-4.0.0.tgz. Extracting by manifest.
136 silly tarball no local data for require-main-filename@https://registry.npmjs.org/require-main-filename/-/require-main-filename-2.0.0.tgz. Extracting by manifest.
137 silly tarball no local data for set-blocking@https://registry.npmjs.org/set-blocking/-/set-blocking-2.0.0.tgz. Extracting by manifest.
138 http cache yargs@https://registry.npmjs.org/yargs/-/yargs-15.4.1.tgz 0ms (cache hit)
139 silly tarball no local data for pngjs@https://registry.npmjs.org/pngjs/-/pngjs-5.0.0.tgz. Extracting by manifest.
140 silly tarball no local data for decamelize@https://registry.npmjs.org/decamelize/-/decamelize-1.2.0.tgz. Extracting by manifest.
141 silly tarball no local data for @types/qrcode@https://registry.npmjs.org/@types/qrcode/-/qrcode-1.5.6.tgz. Extracting by manifest.
142 silly tarball no local data for find-up@https://registry.npmjs.org/find-up/-/find-up-4.1.0.tgz. Extracting by manifest.
143 silly tarball no local data for dijkstrajs@https://registry.npmjs.org/dijkstrajs/-/dijkstrajs-1.0.3.tgz. Extracting by manifest.
144 silly tarball no local data for qrcode@https://registry.npmjs.org/qrcode/-/qrcode-1.5.4.tgz. Extracting by manifest.
145 silly tarball no local data for y18n@https://registry.npmjs.org/y18n/-/y18n-4.0.3.tgz. Extracting by manifest.
146 silly tarball no local data for yargs-parser@https://registry.npmjs.org/yargs-parser/-/yargs-parser-18.1.3.tgz. Extracting by manifest.
147 silly tarball no local data for cliui@https://registry.npmjs.org/cliui/-/cliui-6.0.0.tgz. Extracting by manifest.
148 silly tarball no local data for yargs@https://registry.npmjs.org/yargs/-/yargs-15.4.1.tgz. Extracting by manifest.
149 http fetch GET 200 https://registry.npmjs.org/p-limit/-/p-limit-2.3.0.tgz 293ms (cache miss)
150 http fetch GET 200 https://registry.npmjs.org/camelcase/-/camelcase-5.3.1.tgz 296ms (cache miss)
151 http fetch GET 200 https://registry.npmjs.org/p-try/-/p-try-2.2.0.tgz 299ms (cache miss)
152 http fetch GET 200 https://registry.npmjs.org/locate-path/-/locate-path-5.0.0.tgz 301ms (cache miss)
153 http fetch GET 200 https://registry.npmjs.org/p-locate/-/p-locate-4.1.0.tgz 302ms (cache miss)
154 http fetch GET 200 https://registry.npmjs.org/which-module/-/which-module-2.0.1.tgz 302ms (cache miss)
155 http fetch POST 200 https://registry.npmjs.org/-/npm/v1/security/advisories/bulk 445ms
156 silly audit report {
156 silly audit report   'adm-zip': [
156 silly audit report     {
156 silly audit report       id: 1123686,
156 silly audit report       url: 'https://github.com/advisories/GHSA-xcpc-8h2w-3j85',
156 silly audit report       title: 'adm-zip: Crafted ZIP file triggers 4GB memory allocation',
156 silly audit report       severity: 'high',
156 silly audit report       vulnerable_versions: '<0.6.0',
156 silly audit report       cwe: [Array],
156 silly audit report       cvss: [Object]
156 silly audit report     }
156 silly audit report   ],
156 silly audit report   'brace-expansion': [
156 silly audit report     {
156 silly audit report       id: 1124334,
156 silly audit report       url: 'https://github.com/advisories/GHSA-mh99-v99m-4gvg',
156 silly audit report       title: 'brace-expansion: DoS via unbounded expansion length causing an out-of-memory process crash',
156 silly audit report       severity: 'high',
156 silly audit report       vulnerable_versions: '<=5.0.7',
156 silly audit report       cwe: [Array],
156 silly audit report       cvss: [Object]
156 silly audit report     }
156 silly audit report   ],
156 silly audit report   xlsx: [
156 silly audit report     {
156 silly audit report       id: 1108110,
156 silly audit report       url: 'https://github.com/advisories/GHSA-4r6h-8v6p-xvw6',
156 silly audit report       title: 'Prototype Pollution in sheetJS',
156 silly audit report       severity: 'high',
156 silly audit report       vulnerable_versions: '<0.19.3',
156 silly audit report       cwe: [Array],
156 silly audit report       cvss: [Object]
156 silly audit report     },
156 silly audit report     {
156 silly audit report       id: 1108111,
156 silly audit report       url: 'https://github.com/advisories/GHSA-5pgg-2g8v-p4x9',
156 silly audit report       title: 'SheetJS Regular Expression Denial of Service (ReDoS)',
156 silly audit report       severity: 'high',
156 silly audit report       vulnerable_versions: '<0.20.2',
156 silly audit report       cwe: [Array],
156 silly audit report       cvss: [Object]
156 silly audit report     }
156 silly audit report   ]
156 silly audit report }
157 silly packumentCache corgi:https://registry.npmjs.org/adm-zip cache-miss
158 silly packumentCache corgi:https://registry.npmjs.org/brace-expansion cache-miss
159 silly packumentCache corgi:https://registry.npmjs.org/xlsx cache-miss
160 http fetch GET 200 https://registry.npmjs.org/y18n/-/y18n-4.0.3.tgz 562ms (cache miss)
161 http fetch GET 200 https://registry.npmjs.org/cliui/-/cliui-6.0.0.tgz 581ms (cache miss)
162 http fetch GET 200 https://registry.npmjs.org/dijkstrajs/-/dijkstrajs-1.0.3.tgz 598ms (cache miss)
163 http fetch GET 200 https://registry.npmjs.org/yargs-parser/-/yargs-parser-18.1.3.tgz 636ms (cache miss)
164 http fetch GET 200 https://registry.npmjs.org/brace-expansion 297ms (cache revalidated)
165 silly packumentCache corgi:https://registry.npmjs.org/brace-expansion set size:30773 disposed:false
166 http fetch GET 200 https://registry.npmjs.org/adm-zip 305ms (cache revalidated)
167 silly packumentCache corgi:https://registry.npmjs.org/adm-zip set size:39206 disposed:false
168 http fetch GET 200 https://registry.npmjs.org/xlsx 319ms (cache revalidated)
169 silly packumentCache corgi:https://registry.npmjs.org/xlsx set size:134408 disposed:false
170 silly packumentCache corgi:https://registry.npmjs.org/minimatch cache-miss
171 http fetch GET 200 https://registry.npmjs.org/minimatch 369ms (cache revalidated)
172 silly packumentCache corgi:https://registry.npmjs.org/minimatch set size:169442 disposed:false
173 silly packumentCache corgi:https://registry.npmjs.org/fork-ts-checker-webpack-plugin cache-miss
174 silly packumentCache corgi:https://registry.npmjs.org/glob cache-miss
175 http fetch GET 200 https://registry.npmjs.org/path-exists/-/path-exists-4.0.0.tgz 1216ms (cache miss)
176 http fetch GET 200 https://registry.npmjs.org/require-main-filename/-/require-main-filename-2.0.0.tgz 1318ms (cache miss)
177 http fetch GET 200 https://registry.npmjs.org/decamelize/-/decamelize-1.2.0.tgz 1319ms (cache miss)
178 http fetch GET 200 https://registry.npmjs.org/find-up/-/find-up-4.1.0.tgz 1321ms (cache miss)
179 http fetch GET 200 https://registry.npmjs.org/set-blocking/-/set-blocking-2.0.0.tgz 1323ms (cache miss)
180 http fetch GET 200 https://registry.npmjs.org/@types/qrcode/-/qrcode-1.5.6.tgz 1330ms (cache miss)
181 http fetch GET 200 https://registry.npmjs.org/yargs/-/yargs-15.4.1.tgz 1395ms (cache miss)
182 http fetch GET 200 https://registry.npmjs.org/qrcode/-/qrcode-1.5.4.tgz 1538ms (cache miss)
183 http fetch GET 200 https://registry.npmjs.org/fork-ts-checker-webpack-plugin 406ms (cache revalidated)
184 silly packumentCache corgi:https://registry.npmjs.org/fork-ts-checker-webpack-plugin set size:592540 disposed:false
185 http fetch GET 200 https://registry.npmjs.org/glob 436ms (cache revalidated)
186 silly packumentCache corgi:https://registry.npmjs.org/glob set size:199194 disposed:false
187 silly packumentCache corgi:https://registry.npmjs.org/@nestjs%2fcli cache-miss
188 http fetch GET 200 https://registry.npmjs.org/pngjs/-/pngjs-5.0.0.tgz 1684ms (cache miss)
189 http fetch GET 200 https://registry.npmjs.org/@nestjs%2fcli 474ms (cache revalidated)
190 silly packumentCache corgi:https://registry.npmjs.org/@nestjs%2fcli set size:576571 disposed:false
191 silly packumentCache corgi:https://registry.npmjs.org/typeorm cache-miss
192 http fetch GET 200 https://registry.npmjs.org/typeorm 279ms (cache revalidated)
193 silly packumentCache corgi:https://registry.npmjs.org/typeorm set size:3679521 disposed:false
194 silly packumentCache corgi:https://registry.npmjs.org/@nestjs%2ftypeorm cache-miss
195 http fetch GET 200 https://registry.npmjs.org/@nestjs%2ftypeorm 572ms (cache revalidated)
196 silly packumentCache corgi:https://registry.npmjs.org/@nestjs%2ftypeorm set size:111600 disposed:false
197 silly ADD node_modules/camelcase
198 silly ADD node_modules/p-try
199 silly ADD node_modules/p-limit
200 silly ADD node_modules/p-locate
201 silly ADD node_modules/path-exists
202 silly ADD node_modules/locate-path
203 silly ADD node_modules/which-module
204 silly ADD node_modules/set-blocking
205 silly ADD node_modules/require-main-filename
206 silly ADD node_modules/find-up
207 silly ADD node_modules/decamelize
208 silly ADD node_modules/pngjs
209 silly ADD node_modules/dijkstrajs
210 silly ADD node_modules/qrcode
211 silly ADD node_modules/qrcode/node_modules/yargs-parser
212 silly ADD node_modules/qrcode/node_modules/y18n
213 silly ADD node_modules/qrcode/node_modules/cliui
214 silly ADD node_modules/qrcode/node_modules/yargs
215 silly ADD node_modules/@types/qrcode
216 verbose cwd C:\Users\RAM KUMAR\Downloads\rengas-admin\backend
217 verbose os Windows_NT 10.0.26300
218 verbose node v22.13.1
219 verbose npm  v10.9.2
220 verbose exit 0
221 info ok
